// Jest Snapshot v1, https://goo.gl/fbAQLP

exports[`<BookDeatilPage/> should match the snapshot 1`] = `
<Context.Provider
  value={
    Object {
      "store": Object {
        "clearActions": [Function],
        "dispatch": [Function],
        "getActions": [Function],
        "getState": [Function],
        "replaceReducer": [Function],
        "subscribe": [Function],
      },
      "subscription": Subscription {
        "handleChangeWrapper": [Function],
        "listeners": Object {
          "notify": [Function],
        },
        "onStateChange": [Function],
        "parentSub": undefined,
        "store": Object {
          "clearActions": [Function],
          "dispatch": [Function],
          "getActions": [Function],
          "getState": [Function],
          "replaceReducer": [Function],
          "subscribe": [Function],
        },
        "unsubscribe": null,
      },
    }
  }
>
  <Memo(Connect(BookDetailPage))
    book={
      Object {
        "bookId": "",
        "description": "",
        "title": "",
        "year": "",
      }
    }
    done={false}
    getBook={[MockFunction]}
    history={Object {}}
    loading={false}
    location={Object {}}
    match={
      Object {
        "params": Object {
          "id": "7ae5bfa3-f0d4-4fd3-8a9b-61676d67a3c8",
        },
      }
    }
  />
</Context.Provider>
`;
